
> sieducational_project@0.1.0 build
> next build

   Γû▓ Next.js 15.5.9
   - Environments: .env.local

   Creating an optimized production build ...
 Γ£ô Compiled successfully in 18.4s
   Skipping linting
   Checking validity of types ...
node.exe : Failed to compile.
Au caractère Ligne:1 : 1
+ & "C:\Program Files\nodejs/node.exe" "C:\Users\TOMBARI\AppData\Roamin ...
+ ~~~~~~~~~~~~~~~~~~~~~~~~~~~~~~~~~~~~~~~~~~~~~~~~~~~~~~~~~~~~~~~~~~~~~
    + CategoryInfo          : NotSpecified: (Failed to compile.:String) [], Re 
   moteException
    + FullyQualifiedErrorId : NativeCommandError
 

./src/app/components/Store/PdfBookGrid.tsx:36:15
Type error: No overload matches this call.
  Overload 1 of 2, '(props: BookViewerProps, context?: any): string | number | 
bigint | boolean | ReactElement<unknown, string | JSXElementConstructor<any>> 
| ... 4 more ... | undefined', gave the following error.
    Type '{ key: number; title: string; pdfUrl: string; bookCover: string; 
readLabel: string; downloadLabel: string; closeLabel: string; color: string; 
borderColor: string; icon: string; isRTL: boolean; coverImage: string; }' is 
not assignable to type 'IntrinsicAttributes & BookViewerProps'.
      Property 'bookCover' does not exist on type 'IntrinsicAttributes & 
BookViewerProps'.
  Overload 2 of 2, '(props: BookViewerProps): string | number | bigint | 
boolean | ReactElement<unknown, string | JSXElementConstructor<any>> | ... 4 
more ... | undefined', gave the following error.
    Type '{ key: number; title: string; pdfUrl: string; bookCover: string; 
readLabel: string; downloadLabel: string; closeLabel: string; color: string; 
borderColor: string; icon: string; isRTL: boolean; coverImage: string; }' is 
not assignable to type 'IntrinsicAttributes & BookViewerProps'.
      Property 'bookCover' does not exist on type 'IntrinsicAttributes & 
BookViewerProps'.

[0m [90m 34 |[39m               title[33m=[39m{[32m`${level.title}`[39m}
 [90m 35 |[39m               pdfUrl[33m=[39m{level[33m.[39mpdfUrl}
[31m[1m>[22m[39m[90m 36 |[39m               
bookCover[33m=[39m{level[33m.[39mbookCover}
 [90m    |[39m               [31m[1m^[22m[39m
 [90m 37 |[39m               readLabel[33m=[39m{tNav([32m'readBook'[39m)}
 [90m 38 |[39m               
downloadLabel[33m=[39m{tGuide([32m'downloadBtn'[39m)}
 [90m 39 |[39m               
closeLabel[33m=[39m{tGuide([32m'close'[39m)}[0m
Next.js build worker exited with code: 1 and signal: null
