   Γû▓ Next.js 15.5.9
   - Environments: .env.local, .env

   Creating an optimized production build ...
 Γ£ô Compiled successfully in 27.4s
   Skipping linting
   Checking validity of types ...
node.exe : Failed to 
compile.
Au caractère Ligne:1 
: 1
+ & "C:\Program Files\
nodejs/node.exe" "C:\U
sers\TOMBARI\AppData\R
oamin ...
+ ~~~~~~~~~~~~~~~~~~~~
~~~~~~~~~~~~~~~~~~~~~~
~~~~~~~~~~~~~~~~~~~~~~
~~~~~
    + CategoryInfo    
          : NotSpeci  
  fied: (Failed to    
 compile.:String)     
[], RemoteExcepti    
on
    + FullyQualifiedE 
   rrorId : NativeCo  
  mmandError
 

./src/app/[locale]/aca
demy/page.tsx:95:40
Type error: Type '{ 
hidden: { opacity: 
number; y: number; }; 
visible: { opacity: 
number; y: number; 
transition: { 
duration: number; 
ease: string; }; }; 
}' is not assignable 
to type 'Variants'.
  Property 'visible' 
is incompatible with 
index signature.
    Type '{ opacity: 
number; y: number; 
transition: { 
duration: number; 
ease: string; }; }' 
is not assignable to 
type 'Variant'.
      Type '{ 
opacity: number; y: 
number; transition: { 
duration: number; 
ease: string; }; }' 
is not assignable to 
type 
'TargetAndTransition'.
        Type '{ 
opacity: number; y: 
number; transition: { 
duration: number; 
ease: string; }; }' 
is not assignable to 
type '{ transition?: 
Transition<any> | 
undefined; 
transitionEnd?: 
ResolvedValues$1 | 
undefined; }'.
          Types of 
property 'transition' 
are incompatible.
            Type '{ 
duration: number; 
ease: string; }' is 
not assignable to 
type 'Transition<any> 
| undefined'.
              Type '{ 
duration: number; 
ease: string; }' is 
not assignable to 
type 'TransitionWithVa
lueOverrides<any>'.
                Type 
'{ duration: number; 
ease: string; }' is 
not assignable to 
type 'ValueAnimationTr
ansition<any>'.
                  
Types of property 
'ease' are 
incompatible.
                    
Type 'string' is not 
assignable to type 
'Easing | Easing[] | 
undefined'.

[0m [90m 93 |[39m  
       [33m>[39m
 [90m 94 |[39m      
     {videos[33m.[39
mmap((video[33m,[39m
 idx) [33m=>[39m (
[31m[1m>[22m[39m[
90m 95 |[39m         
    [33m<[39m[33mmo
tion[39m[33m.[39mdi
v key[33m=[39m{video
[33m.[39mid} variant
s[33m=[39m{itemVaria
nts}[33m>[39m
 [90m    |[39m      
                      
            
[31m[1m^[22m[39m
 [90m 96 |[39m      
         [33m<[39m[
33mGlassCard[39m clas
sName[33m=[39m[32m"
group p-4 
rounded-[2.5rem] 
border-brand-navy/5 
dark:border-white/10 h
over:border-brand-oran
ge/30 transition-all 
duration-500 
hover:-translate-y-2 
shadow-soft hover:shad
ow-brand-orange/10 
overflow-hidden 
h-full flex flex-col"
[39m[33m>[39m
 [90m 97 |[39m      
           [33m<[39m
[33mdiv[39m classNam
e[33m=[39m[32m"rela
tive aspect-video 
rounded-3xl 
overflow-hidden 
bg-black mb-6 shadow-2
xl"[39m[33m>[39m
 [90m 98 |[39m      
             [33m<[3
9m[33miframe[39m[0m
Next.js build worker 
exited with code: 1 
and signal: null
